   0       1          2          3          4          5          6
wall,      wall,      wall,      wall,      wall,      wall,      wall,      wall,      wall,      wall,      wall,      wall,      wall,      wall,      wall,      wall,      wall,      wall,      wall,      wall,      wall,      wall,      wall,      wall,      wall,      wall,      wall,      wall,      wall,      wall,      wall,      wall,      wall,      wall,      wall,      wall,      wall,      wall,      wall,      wall,      wall,      wall,      wall,
wall,     floor,     floor,     floor,     floor,     floor,      wall,     floor,     floor,     floor,     floor,     floor,     floor,     floor,     floor,     floor,     floor,     floor,     floor,     floor,     floor,      wall,     floor,     floor,     floor,     floor,     floor,     floor,     floor,     floor,     floor,     floor,     floor,     floor,     floor,     floor,     floor,     floor,     floor,     floor,     floor,     floor,      wall,
wall,     floor,     floor,     floor,     floor,     floor,      wall,     floor,     floor,     floor,     floor,     floor,     floor,     floor,     floor,     floor,     floor,     floor,     floor,     floor,     floor,      wall,     floor,     floor,     floor,     floor,     floor,     floor,     floor,     floor,     floor,     floor,     floor,     floor,     floor,     floor,     floor,     floor,     floor,     floor,     floor,     floor,      wall,
wall,     floor,     floor,     floor,     floor,     floor,      wall,     floor,     floor,     floor,     floor,     floor,     floor,     floor,     floor,     floor,     floor,     floor,     floor,     floor,     floor,      wall,     floor,     floor,     floor,     floor,     floor,     floor,     floor,     floor,     floor,     floor,     floor,     floor,     floor,     floor,     floor,     floor,     floor,     floor,     floor,     floor,      wall,
wall,     floor,     floor,     floor,     floor,     floor,     floor,     floor,     floor,     floor,     floor,     floor,     floor,     floor,     floor,     floor,     floor,     floor,     floor,     floor,     floor,      wall,     floor,     floor,     floor,     floor,     floor,     floor,     floor,     floor,     floor,     floor,     floor,     floor,     floor,     floor,     floor,     floor,     floor,     floor,     floor,     floor,      wall,
wall,     floor,     floor,     floor,     floor,     floor,      wall,     floor,     floor,     floor,     floor,     floor,     floor,     floor,     floor,     floor,     floor,     floor,     floor,     floor,     floor,      wall,     floor,     floor,     floor,     floor,     floor,     floor,     floor,     floor,     floor,     floor,     floor,     floor,     floor,     floor,     floor,     floor,     floor,     floor,     floor,     floor,      wall,
wall,     floor,     floor,     floor,     floor,     floor,      wall,     floor,     floor,     floor,     floor,     floor,     floor,     floor,     floor,     floor,     floor,     floor,     floor,     floor,     floor,      wall,     floor,     floor,     floor,     floor,     floor,     floor,     floor,     floor,     floor,     floor,     floor,     floor,     floor,     floor,     floor,     floor,     floor,     floor,     floor,     floor,      wall,
wall,      wall,      wall,     floor,     floor,      wall,      wall,      wall,      wall,      wall,      wall,      wall,      wall,      wall,      wall,      wall,      wall,      wall,      wall,      wall,      wall,      wall,      wall,      wall,      wall,      wall,      wall,      wall,     floor,     floor,      wall,      wall,      wall,      wall,      wall,      wall,      wall,      wall,      wall,      wall,      wall,      wall,      wall,
wall,      wall,      wall,     floor,     floor,      wall,      wall,      wall,      wall,      wall,      wall,      wall,      wall,      wall,      wall,      wall,      wall,      wall,      wall,      wall,      wall,      wall,      wall,      wall,      wall,      wall,      wall,      wall,     floor,     floor,      wall,      wall,      wall,      wall,      wall,      wall,      wall,      wall,      wall,      wall,      wall,      wall,      wall,
wall,     floor,     floor,     floor,     floor,     floor,      wall,     floor,     floor,     floor,     floor,     floor,     floor,     floor,     floor,     floor,     floor,     floor,     floor,     floor,     floor,      wall,     floor,     floor,     floor,     floor,     floor,     floor,     floor,     floor,     floor,     floor,     floor,     floor,     floor,     floor,     floor,     floor,     floor,     floor,     floor,     floor,      wall,
wall,     floor,     floor,     floor,     floor,     floor,      wall,     floor,     floor,     floor,     floor,     floor,     floor,     floor,     floor,     floor,     floor,     floor,     floor,     floor,     floor,      wall,     floor,     floor,     floor,     floor,     floor,     floor,     floor,     floor,     floor,     floor,     floor,     floor,     floor,     floor,     floor,     floor,     floor,     floor,     floor,     floor,      wall,
wall,     floor,     floor,     floor,     floor,     floor,      wall,     floor,     floor,     floor,     floor,     floor,     floor,     floor,     floor,     floor,     floor,     floor,     floor,     floor,     floor,      wall,     floor,     floor,     floor,     floor,     floor,     floor,     floor,     floor,     floor,     floor,     floor,     floor,     floor,     floor,     floor,     floor,     floor,     floor,     floor,     floor,      wall,
wall,     floor,     floor,     floor,     floor,     floor,     floor,     floor,     floor,     floor,     floor,     floor,     floor,     floor,     floor,     floor,     floor,     floor,     floor,     floor,     floor,     floor,     floor,     floor,     floor,     floor,     floor,     floor,     floor,     floor,     floor,     floor,     floor,     floor,     floor,     floor,     floor,     floor,     floor,     floor,     floor,     floor,      wall,
wall,     floor,     floor,     floor,     floor,     floor,      wall,     floor,     floor,     floor,     floor,     floor,     floor,     floor,     floor,     floor,     floor,     floor,     floor,     floor,     floor,      wall,     floor,     floor,     floor,     floor,     floor,     floor,     floor,     floor,     floor,     floor,     floor,     floor,     floor,     floor,     floor,     floor,     floor,     floor,     floor,     floor,      wall,
wall,     floor,     floor,     floor,     floor,     floor,      wall,     floor,     floor,     floor,     floor,     floor,     floor,     floor,     floor,     floor,     floor,     floor,     floor,     floor,     floor,      wall,     floor,     floor,     floor,     floor,     floor,     floor,     floor,     floor,     floor,     floor,     floor,     floor,     floor,     floor,     floor,     floor,     floor,     floor,     floor,     floor,      wall,
wall,      wall,      wall,      wall,      wall,      wall,      wall,      wall,      wall,      wall,      wall,      wall,      wall,      wall,      wall,      wall,      wall,      wall,      wall,      wall,      wall,      wall,      wall,      wall,      wall,      wall,      wall,      wall,      wall,      wall,      wall,      wall,      wall,      wall,      wall,      wall,      wall,      wall,      wall,      wall,      wall,      wall,      wall,